==============================================================================
testDemo6 :: To validate the Login form                                       
==============================================================================
Validate UnSuccesful Login                                            | PASS |
------------------------------------------------------------------------------
testDemo6 :: To validate the Login form                               | PASS |
1 test, 1 passed, 0 failed
==============================================================================
Output:  /Users/elanuralp/PycharmProjects/RobotFramework/tests/pabot_results/0/output.xml
